python : Traceback 
(most recent call 
last):
At line:1 char:1
+ python tests/test_h
ybrid_enrichment.py 
> test_output.txt 
2>&1
+ ~~~~~~~~~~~~~~~~~~~
~~~~~~~~~~~~~~~~~~~~~
~~~~~~~~~~~~~~~~~~~~~
    + CategoryInfo   
           : NotSpe  
  cified: (Traceba   
 ck (most recent     
call last)::Stri    
ng) [], RemoteEx    
ception
    + FullyQualified 
   ErrorId : Native  
  CommandError
 
  File "C:\Users\leno
vo\AppData\Roaming\Py
thon\Python313\site-p
ackages\sqlalchemy\or
m\clsregistry.py", 
line 516, in 
_resolve_name
    rval = d[token]
           ~^^^^^^^
  File "C:\Users\leno
vo\AppData\Roaming\Py
thon\Python313\site-p
ackages\sqlalchemy\ut
il\_collections.py", 
line 345, in 
__missing__
    self[key] = val 
= self.creator(key)
                     
 ~~~~~~~~~~~~^^^^^
  File "C:\Users\leno
vo\AppData\Roaming\Py
thon\Python313\site-p
ackages\sqlalchemy\or
m\clsregistry.py", 
line 484, in 
_access_cls
    return 
self.fallback[key]
           
~~~~~~~~~~~~~^^^^^
KeyError: 'User'

The above exception 
was the direct cause 
of the following 
exception:

Traceback (most 
recent call last):
  File "D:\TikunTech\
uniliverimagestudy\te
sts\test_hybrid_enric
hment.py", line 101, 
in <module>
    test_hybrid_enric
hment = test_hybrid_s
ubmission_enrichment(
)
  File "D:\TikunTech\
uniliverimagestudy\te
sts\test_hybrid_enric
hment.py", line 27, 
in test_hybrid_submis
sion_enrichment
    study = Study(
        id=study_id,
    ...<16 lines>...
        }
    )
  File "<string>", 
line 4, in __init__
  File "C:\Users\leno
vo\AppData\Roaming\Py
thon\Python313\site-p
ackages\sqlalchemy\or
m\state.py", line 
566, in 
_initialize_instance
    manager.dispatch.
init(self, args, 
kwargs)
    ~~~~~~~~~~~~~~~~~
~~~~^^^^^^^^^^^^^^^^^
^^^
  File "C:\Users\leno
vo\AppData\Roaming\Py
thon\Python313\site-p
ackages\sqlalchemy\ev
ent\attr.py", line 
497, in __call__
    fn(*args, **kw)
    ~~^^^^^^^^^^^^^
  File "C:\Users\leno
vo\AppData\Roaming\Py
thon\Python313\site-p
ackages\sqlalchemy\or
m\mapper.py", line 
4410, in 
_event_on_init
    instrumenting_map
per._check_configure(
)
    ~~~~~~~~~~~~~~~~~
~~~~~~~~~~~~~~~~~~~~^
^
  File "C:\Users\leno
vo\AppData\Roaming\Py
thon\Python313\site-p
ackages\sqlalchemy\or
m\mapper.py", line 
2401, in 
_check_configure
    _configure_regist
ries({self.registry},
 cascade=True)
    ~~~~~~~~~~~~~~~~~
~~~~^^^^^^^^^^^^^^^^^
^^^^^^^^^^^^^^
  File "C:\Users\leno
vo\AppData\Roaming\Py
thon\Python313\site-p
ackages\sqlalchemy\or
m\mapper.py", line 
4218, in 
_configure_registries
    _do_configure_reg
istries(registries, 
cascade)
    ~~~~~~~~~~~~~~~~~
~~~~~~~^^^^^^^^^^^^^^
^^^^^^^
  File "C:\Users\leno
vo\AppData\Roaming\Py
thon\Python313\site-p
ackages\sqlalchemy\or
m\mapper.py", line 
4259, in _do_configur
e_registries
    mapper._post_conf
igure_properties()
    ~~~~~~~~~~~~~~~~~
~~~~~~~~~~~~~~~~^^
  File "C:\Users\leno
vo\AppData\Roaming\Py
thon\Python313\site-p
ackages\sqlalchemy\or
m\mapper.py", line 
2418, in _post_config
ure_properties
    prop.init()
    ~~~~~~~~~^^
  File "C:\Users\leno
vo\AppData\Roaming\Py
thon\Python313\site-p
ackages\sqlalchemy\or
m\interfaces.py", 
line 595, in init
    self.do_init()
    ~~~~~~~~~~~~^^
  File "C:\Users\leno
vo\AppData\Roaming\Py
thon\Python313\site-p
ackages\sqlalchemy\or
m\relationships.py", 
line 1655, in do_init
    
self._setup_entity()
    
~~~~~~~~~~~~~~~~~~^^
  File "C:\Users\leno
vo\AppData\Roaming\Py
thon\Python313\site-p
ackages\sqlalchemy\or
m\relationships.py", 
line 1865, in 
_setup_entity
    self._clsregistry
_resolve_name(argumen
t)(),
    ~~~~~~~~~~~~~~~~~
~~~~~~~~~~~~~~~~~~~~~
~~^^
  File "C:\Users\leno
vo\AppData\Roaming\Py
thon\Python313\site-p
ackages\sqlalchemy\or
m\clsregistry.py", 
line 520, in 
_resolve_name
    self._raise_for_n
ame(name, err)
    ~~~~~~~~~~~~~~~~~
~~~^^^^^^^^^^^
  File "C:\Users\leno
vo\AppData\Roaming\Py
thon\Python313\site-p
ackages\sqlalchemy\or
m\clsregistry.py", 
line 501, in 
_raise_for_name
    raise exc.Invalid
RequestError(
    ...<5 lines>...
    ) from err
sqlalchemy.exc.Invali
dRequestError: When 
initializing mapper M
apper[Study(studies)]
, expression 'User' 
failed to locate a 
name ('User'). If 
this is a class 
name, consider 
adding this 
relationship() to 
the <class 'app.model
s.study_model.Study'>
 class after both 
dependent classes 
have been defined.
Testing hybrid submission enrichment...
Test failed: When initializing mapper Mapper[Study(studies)], expression 'User' failed to locate a name ('User'). If this is a class name, consider adding this relationship() to the <class 'app.models.study_model.Study'> class after both dependent classes have been defined.
